// Jest Snapshot v1, https://goo.gl/fbAQLP

exports[`Buttons: component rednders correctly 1`] = `
.c0 {
  border: none;
  cursor: pointer;
  font-weight: bold;
  outline: none;
  padding: 10px;
}

.c0:disabled {
  opacity: 0.4;
}

<button
  className="c0"
/>
`;
