// Jest Snapshot v1, https://goo.gl/fbAQLP

exports[`SignUp from: component renders correctly 1`] = `
<div
  className="sc-htpNat gIsAAs"
>
  <div
    className="sc-bxivhb gPVRgU"
  >
    <h3
      className="sc-ifAKCX bXZmPy"
    >
      SIGN UP
    </h3>
    <span
      className="sc-bwzfXH goCgBH"
      onClick={[MockFunction]}
    >
      ×
    </span>
  </div>
  <form
    className="formBody sc-EHOje fFPbRn"
    onSubmit={[Function]}
  >
    <p>
      Please, enter your phone number:
    </p>
    <input
      className="email sc-bZQynM bGXiwX"
      name="email"
      onBlur={[Function]}
      onChange={[Function]}
      placeholder="Email"
      value=""
    />
    <input
      className="phoneNumber sc-bZQynM bGXiwX"
      name="phoneNumber"
      onBlur={[Function]}
      onChange={[Function]}
      placeholder="Phone number"
      value=""
    />
    <input
      className="name sc-bZQynM bGXiwX"
      name="name"
      onBlur={[Function]}
      onChange={[Function]}
      placeholder="Name"
      value=""
    />
    <input
      className="surname sc-bZQynM bGXiwX"
      name="surname"
      onBlur={[Function]}
      onChange={[Function]}
      placeholder="Surname"
      value=""
    />
  </form>
  <div
    className="sc-gzVnrw dphOmL"
  >
    <button
      className="sc-bdVaJa fTgRSZ"
      onClick={[MockFunction]}
    >
      CLOSE
    </button>
    <button
      className="sc-bdVaJa iiSudm"
      disabled={true}
      onClick={[Function]}
      type="submit"
    >
      CONTINUE
    </button>
  </div>
</div>
`;

exports[`SignUp from: component renders correctly 2`] = `
<div
  className="sc-htpNat gIsAAs"
>
  <div
    className="sc-bxivhb gPVRgU"
  >
    <h3
      className="sc-ifAKCX bXZmPy"
    >
      SIGN UP
    </h3>
    <span
      className="sc-bwzfXH goCgBH"
      onClick={[MockFunction]}
    >
      ×
    </span>
  </div>
  <form
    className="formBody sc-EHOje fFPbRn"
    onSubmit={[Function]}
  >
    <p>
      Please, enter your phone number:
    </p>
    <input
      className="email sc-bZQynM bGXiwX"
      name="email"
      onBlur={[Function]}
      onChange={[Function]}
      placeholder="Email"
      value=""
    />
    <input
      className="phoneNumber sc-bZQynM bGXiwX"
      name="phoneNumber"
      onBlur={[Function]}
      onChange={[Function]}
      placeholder="Phone number"
      value=""
    />
    <input
      className="name sc-bZQynM bGXiwX"
      name="name"
      onBlur={[Function]}
      onChange={[Function]}
      placeholder="Name"
      value=""
    />
    <input
      className="surname sc-bZQynM bGXiwX"
      name="surname"
      onBlur={[Function]}
      onChange={[Function]}
      placeholder="Surname"
      value=""
    />
  </form>
  <div
    className="sc-gzVnrw dphOmL"
  >
    <button
      className="sc-bdVaJa fTgRSZ"
      onClick={[MockFunction]}
    >
      CLOSE
    </button>
    <button
      className="sc-bdVaJa iiSudm"
      disabled={true}
      onClick={[Function]}
      type="submit"
    >
      CONTINUE
    </button>
  </div>
</div>
`;
