// Jest Snapshot v1, https://goo.gl/fbAQLP

exports[`Snackbar: component rednders correctly 1`] = `
.c0 {
  visibility: hidden;
  max-width: 50px;
  height: 50px;
  margin: auto;
  background-color: #d31010;
  color: #fff;
  text-align: center;
  border-radius: 2px;
  position: fixed;
  z-index: 1;
  left: 0;
  right: 0;
  bottom: 20px;
  font-size: 17px;
  white-space: nowrap;
  visibility: visible;
  -webkit-animation: fadein 0.5s,expand 0.5s 0.5s,stay 3s 1s,shrink 0.5s 4s, fadeout 0.5s 4.5s;
  animation: fadein 0.5s,expand 0.5s 0.5s,stay 3s 1s,shrink 0.5s 4s, fadeout 0.5s 4.5s;
}

<div
  className="c0"
/>
`;
